[0.005s][info][gc,init] CardTable entry size: 512
[0.005s][info][gc     ] Using Parallel
[0.006s][info][gc,init] Version: 21.0.8 (release)
[0.006s][info][gc,init] CPUs: 20 total, 20 available
[0.006s][info][gc,init] Memory: 128G
[0.006s][info][gc,init] Large Page Support: Disabled
[0.006s][info][gc,init] NUMA Support: Disabled
[0.006s][info][gc,init] Compressed Oops: Enabled (Zero based)
[0.006s][info][gc,init] Alignments: Space 512K, Generation 512K, Heap 8M
[0.006s][info][gc,init] Heap Min Capacity: 8M
[0.006s][info][gc,init] Heap Initial Capacity: 2G
[0.006s][info][gc,init] Heap Max Capacity: 19G
[0.006s][info][gc,init] Pre-touch: Disabled
[0.006s][info][gc,init] Parallel Workers: 15
[0.010s][info][gc,metaspace] CDS archive(s) mapped at: [0x000000a000000000-0x000000a000c9c000-0x000000a000c9c000), size 13221888, SharedBaseAddress: 0x000000a000000000, ArchiveRelocationMode: 1.
[0.010s][info][gc,metaspace] Compressed class space mapped at: 0x000000a001000000-0x000000a041000000, reserved size: 1073741824
[0.010s][info][gc,metaspace] Narrow klass base: 0x000000a000000000, Narrow klass shift: 0, Narrow klass range: 0x100000000
[0,120s][info][safepoint   ] Safepoint "ICBufferFull", Time since last: 107333583 ns, Reaching safepoint: 1167 ns, Cleanup: 113125 ns, At safepoint: 125 ns, Leaving safepoint: 166 ns, Total: 114583 ns
[0,201s][info][safepoint   ] Safepoint "ICBufferFull", Time since last: 81344417 ns, Reaching safepoint: 2000 ns, Cleanup: 103375 ns, At safepoint: 417 ns, Leaving safepoint: 1000 ns, Total: 106792 ns
[0,255s][info][safepoint   ] Safepoint "ICBufferFull", Time since last: 53281916 ns, Reaching safepoint: 1709 ns, Cleanup: 148458 ns, At safepoint: 292 ns, Leaving safepoint: 125 ns, Total: 150584 ns
[0,335s][info][safepoint   ] Safepoint "ICBufferFull", Time since last: 79899458 ns, Reaching safepoint: 2542 ns, Cleanup: 153208 ns, At safepoint: 333 ns, Leaving safepoint: 4084 ns, Total: 160167 ns
[0,373s][info][safepoint   ] Safepoint "ICBufferFull", Time since last: 37656750 ns, Reaching safepoint: 32041 ns, Cleanup: 195917 ns, At safepoint: 583 ns, Leaving safepoint: 2917 ns, Total: 231458 ns
[0,421s][info][safepoint   ] Safepoint "ICBufferFull", Time since last: 47918125 ns, Reaching safepoint: 2042 ns, Cleanup: 130375 ns, At safepoint: 416 ns, Leaving safepoint: 3875 ns, Total: 136708 ns
[0,571s][info][gc,heap,exit] Heap
[0,571s][info][gc,heap,exit]  PSYoungGen      total 611840K, used 147088K [0x000000066ab00000, 0x0000000695580000, 0x0000000800000000)
[0,571s][info][gc,heap,exit]   eden space 524800K, 28% used [0x000000066ab00000,0x0000000673aa41e0,0x000000068ab80000)
[0,571s][info][gc,heap,exit]   from space 87040K, 0% used [0x0000000690080000,0x0000000690080000,0x0000000695580000)
[0,571s][info][gc,heap,exit]   to   space 87040K, 0% used [0x000000068ab80000,0x000000068ab80000,0x0000000690080000)
[0,571s][info][gc,heap,exit]  ParOldGen       total 1398272K, used 1056K [0x0000000340000000, 0x0000000395580000, 0x000000066ab00000)
[0,571s][info][gc,heap,exit]   object space 1398272K, 0% used [0x0000000340000000,0x00000003401081b8,0x0000000395580000)
[0,571s][info][gc,heap,exit]  Metaspace       used 10575K, committed 10880K, reserved 1114112K
[0,571s][info][gc,heap,exit]   class space    used 1088K, committed 1216K, reserved 1048576K
