[0.005s][info][gc,init] CardTable entry size: 512
[0.005s][info][gc     ] Using Parallel
[0.006s][info][gc,init] Version: 21.0.8 (release)
[0.006s][info][gc,init] CPUs: 20 total, 20 available
[0.006s][info][gc,init] Memory: 128G
[0.006s][info][gc,init] Large Page Support: Disabled
[0.006s][info][gc,init] NUMA Support: Disabled
[0.006s][info][gc,init] Compressed Oops: Enabled (Zero based)
[0.006s][info][gc,init] Alignments: Space 512K, Generation 512K, Heap 8M
[0.006s][info][gc,init] Heap Min Capacity: 8M
[0.006s][info][gc,init] Heap Initial Capacity: 2G
[0.006s][info][gc,init] Heap Max Capacity: 19G
[0.006s][info][gc,init] Pre-touch: Disabled
[0.006s][info][gc,init] Parallel Workers: 15
[0.010s][info][gc,metaspace] CDS archive(s) mapped at: [0x0000007000000000-0x0000007000c9c000-0x0000007000c9c000), size 13221888, SharedBaseAddress: 0x0000007000000000, ArchiveRelocationMode: 1.
[0.010s][info][gc,metaspace] Compressed class space mapped at: 0x0000007001000000-0x0000007041000000, reserved size: 1073741824
[0.010s][info][gc,metaspace] Narrow klass base: 0x0000007000000000, Narrow klass shift: 0, Narrow klass range: 0x100000000
[0,115s][info][safepoint   ] Safepoint "ICBufferFull", Time since last: 102743416 ns, Reaching safepoint: 2000 ns, Cleanup: 120542 ns, At safepoint: 83 ns, Leaving safepoint: 250 ns, Total: 122875 ns
[0,197s][info][safepoint   ] Safepoint "ICBufferFull", Time since last: 81800917 ns, Reaching safepoint: 42042 ns, Cleanup: 105208 ns, At safepoint: 792 ns, Leaving safepoint: 3000 ns, Total: 151042 ns
[0,250s][info][safepoint   ] Safepoint "ICBufferFull", Time since last: 52441875 ns, Reaching safepoint: 1708 ns, Cleanup: 153583 ns, At safepoint: 500 ns, Leaving safepoint: 5750 ns, Total: 161541 ns
[0,332s][info][safepoint   ] Safepoint "ICBufferFull", Time since last: 81702667 ns, Reaching safepoint: 24708 ns, Cleanup: 149084 ns, At safepoint: 416 ns, Leaving safepoint: 6250 ns, Total: 180458 ns
[0,364s][info][safepoint   ] Safepoint "ICBufferFull", Time since last: 32314292 ns, Reaching safepoint: 2000 ns, Cleanup: 203917 ns, At safepoint: 250 ns, Leaving safepoint: 3625 ns, Total: 209792 ns
[0,412s][info][safepoint   ] Safepoint "ICBufferFull", Time since last: 47553583 ns, Reaching safepoint: 1958 ns, Cleanup: 138459 ns, At safepoint: 250 ns, Leaving safepoint: 125 ns, Total: 140792 ns
[0,574s][info][gc,heap,exit] Heap
[0,574s][info][gc,heap,exit]  PSYoungGen      total 611840K, used 147091K [0x000000066ab00000, 0x0000000695580000, 0x0000000800000000)
[0,574s][info][gc,heap,exit]   eden space 524800K, 28% used [0x000000066ab00000,0x0000000673aa4d98,0x000000068ab80000)
[0,574s][info][gc,heap,exit]   from space 87040K, 0% used [0x0000000690080000,0x0000000690080000,0x0000000695580000)
[0,574s][info][gc,heap,exit]   to   space 87040K, 0% used [0x000000068ab80000,0x000000068ab80000,0x0000000690080000)
[0,574s][info][gc,heap,exit]  ParOldGen       total 1398272K, used 1056K [0x0000000340000000, 0x0000000395580000, 0x000000066ab00000)
[0,574s][info][gc,heap,exit]   object space 1398272K, 0% used [0x0000000340000000,0x00000003401081b8,0x0000000395580000)
[0,574s][info][gc,heap,exit]  Metaspace       used 10574K, committed 10880K, reserved 1114112K
[0,574s][info][gc,heap,exit]   class space    used 1088K, committed 1216K, reserved 1048576K
